  *********************************************************************************************************
  **             . .. ...                                                                                **
  **         . .?888888888+.                                                                             **
  **         =88888888888888~.                                                                           **
  **      .78888888888888887                                                                             **
  **     :888888O+. .. .+ZO  .                                                                           **
  **    ,88888? $,8.8=.                                    .  .                          . .             **
  **   .8888I=,8:$Z.,+7ZI=.                               Z8888:                     ,8888:              **
  **   =888~$~7=:888888888888Z  .                         Z8888:                     ,8888:              **
  **   I88Z~=~78888888888888888?                          Z8888:          . .        ,8888:              **
  **   788:7?:8888888: . I8888888 .                            ..                    ,8888:              **
  **   =88,$.88888I         888888    ,8888:     88888    ?8888.       888888888I.   ,8888:   .888888.   **
  **   .88+.88888$           88888:   ,8888:     88888    ?8888.     $888888888888.  ,8888: . 88888=.    **
  **    I8Z 88888..          .88888   ,8888:     88888    ?8888   ..888888I.~8888..  ,8888: Z88888       **
  **    .8Z 88888     .  ..   88888   ,8888:     88888    ?8888    $8888+      ~     ,8888:88888.        **
  **     8I 88888      .=88. .88888   ,8888:     88888    ?8888    88888       .     ,888888888?.        **
  **  ..:8..88888      888888$8888$   ,8888:     88888    ?8888    8888O             ,8888888888$ .      **
  **  .,7.. +88888..    8888888888.   ,8888?     88888    ?8888  ..88888             ,88888O88888O       **
  **    .    $888888:. . .8888888      88888....$88888    ?8888  . ,88888......8~..  ,8888: .Z88888      **
  **          I8888888888888888888~    888888888888888    ?8888     O888888888888O   ,8888:   88888Z .   **
  **            O88888888888888888=     88888888888888    ?8888     ..88888888888$ . ,8888:  ..888888.   **
  **              .~888888Z..  O8        .8888I. 88888   .?8888 .      .=88888Z     .,8888:     O88888   **
  **                ..  .   . .  ...   .. .    .  .. .        ..          . .        .   ..     .        **
  **                                                                                                     **
  **                                         Copyright (c) 2011                                          **
  **                                 Regents of the University of Florida                                **
  **                                        All Rights Reserved.                                         **
  **                                                                                                     **
  **                   This software provided pursuant to a license agreement containing                 **
  **                   restrictions on its disclosure, duplication, and use. This software               **
  **                   contains confidential and proprietary information, and may not be                 **
  **                   extracted or distributed, in whole or in part, for any purpose                    **
  **                   whatsoever, without the express written permission of the authors.                **
  **                   This notice, and the associated author list, must be attached to                  **
  **                   all copies, or extracts, of this software. Any additional                         **
  **                   restrictions set forth in the license agreement also apply to this                **
  **                   software.                                                                         **
  *********************************************************************************************************

  Cite this work as:
  Manathunga, M.; Mu, D.; Miao,Y.; He, X.; Ayers,K; Brothers, E.; GÃ¶tz, A.; Merz,K. M. QUICK
  University of Florida, Gainesville, FL, 2019 and Michigan State University, East Lansing, MI, 2019

  If you have any comments or queries, please send us an email for technical support:
  quick.merzlab@gmail.com

 TASK STARTS ON: Sat Apr  6 15:36:23 2019
 INPUT FILE :    ene_psb3_blyp_631g.in
 OUTPUT FILE:    ene_psb3_blyp_631g.out
 DATE FILE  :    ene_psb3_blyp_631g.dat
 BASIS SET PATH: /users/PCS0202/bgs0374/Work/Project/Qk/QUICK/basis
